
> omni-dashboard@1.0.0 build
> npm run build:frontend && npm run build:server


> omni-dashboard@1.0.0 build:frontend
> vite build

vite v6.4.3 building for production...
transforming...
✓ 279 modules transformed.
[plugin vite:reporter] 
(!) /opt/repo/src/lib/schedule-detail.ts is dynamically imported by /opt/repo/src/lib/schedule-list.ts, /opt/repo/src/pages/schedule.ts but also statically imported by /opt/repo/src/lib/schedule-list.ts, /opt/repo/src/pages/schedule.ts, dynamic import will not move module into another chunk.

[plugin vite:reporter] 
(!) /opt/repo/src/lib/router.ts is dynamically imported by /opt/repo/src/lib/kanban-board.ts, /opt/repo/src/lib/kanban-detail.ts, /opt/repo/src/lib/kanban-detail.ts, /opt/repo/src/lib/kanban-detail.ts, /opt/repo/src/pages/kanban-history.ts, /opt/repo/src/pages/kanban.ts, /opt/repo/src/pages/messages.ts but also statically imported by /opt/repo/src/index.ts, /opt/repo/src/lib/schedule-detail.ts, /opt/repo/src/lib/schedule-list.ts, /opt/repo/src/pages/memory.ts, dynamic import will not move module into another chunk.

rendering chunks...
computing gzip size...
dist/index.html                    16.99 kB │ gzip:   2.91 kB
dist/assets/index-53qBXSrU.css    101.89 kB │ gzip:  16.09 kB
dist/assets/index-ENeBqyTq.js   1,405.54 kB │ gzip: 411.57 kB

(!) Some chunks are larger than 500 kB after minification. Consider:
- Using dynamic import() to code-split the application
- Use build.rollupOptions.output.manualChunks to improve chunking: https://rollupjs.org/configuration-options/#output-manualchunks
- Adjust chunk size limit for this warning via build.chunkSizeWarningLimit.
✓ built in 5.75s

> omni-dashboard@1.0.0 build:server
> tsc -p tsconfig.server.json

DONE_EXIT=0
